// Jest Snapshot v1, https://goo.gl/fbAQLP

exports[`Testing GifItem should match with snapshot 1`] = `
<div>
  <div
    class="card"
  >
    <img
      alt="Test title"
      src="https://media1.giphy.com/media/3oEjI6SIIHBdRxXI40/giphy.gif"
    />
    <p>
      Test title
    </p>
  </div>
</div>
`;
